FlashAttention is not available on this device. Using scaled_dot_product_attention instead.
Ultralytics 8.3.63 🚀 Python-3.10.14 torch-2.13.0+cu132 CUDA:0 (NVIDIA RTX PRO 6000 Blackwell Workstation Edition, 97250MiB)
YOLOv13n-pod summary: 592 layers, 2,501,961 parameters, 0 gradients, 6.4 GFLOPs

[34m[1mPyTorch:[0m starting from 'yolov13n-pod.yaml' with input shape (1, 3, 640, 640) BCHW and output shape(s) (1, 8, 8400) (0.0 MB)

[34m[1mONNX:[0m starting export with onnx 1.22.0 opset 17...
W0809 16:14:08.145000 1560597 site-packages/torch/onnx/_internal/exporter/_compat.py:133] Setting ONNX exporter to use operator set version 18 because the requested opset_version 17 is a lower version than we have implementations for. Automatic version conversion will be performed, which may not be successful at converting to the requested version. If version conversion is unsuccessful, the opset version of the exported model will be kept at 18. Please consider setting opset_version >=18 to leverage latest ONNX features
/home/room305/.conda/envs/yolov13/lib/python3.10/copyreg.py:101: FutureWarning: `isinstance(treespec, LeafSpec)` is deprecated, use `isinstance(treespec, TreeSpec) and treespec.is_leaf()` instead.
  return cls.__new__(cls, *args)
The model version conversion is not supported by the onnxscript version converter and fallback is enabled. The model will be converted using the onnx C API (target version: 17).
Failed to convert the model to the target version 17 using the ONNX C API. The model was not modified
Traceback (most recent call last):
  File "/home/room305/.conda/envs/yolov13/lib/python3.10/site-packages/onnxscript/version_converter/__init__.py", line 137, in call
    converted_proto = _c_api_utils.call_onnx_api(
  File "/home/room305/.conda/envs/yolov13/lib/python3.10/site-packages/onnxscript/version_converter/_c_api_utils.py", line 65, in call_onnx_api
    result = func(proto)
  File "/home/room305/.conda/envs/yolov13/lib/python3.10/site-packages/onnxscript/version_converter/__init__.py", line 132, in _partial_convert_version
    return onnx.version_converter.convert_version(
  File "/home/room305/.conda/envs/yolov13/lib/python3.10/site-packages/onnx/version_converter.py", line 39, in convert_version
    converted_model_str = C.convert_version(model_str, target_version)
RuntimeError: /project/onnx/version_converter/BaseConverter.h:64: adapter_lookup: Assertion `false` failed: No Adapter To Version $17 for Pad
[34m[1mONNX:[0m export success ✅ 10.3s, saved as 'yolov13n-pod.onnx' (11.2 MB)

Export complete (11.5s)
Results saved to [1m/home/room305/ZZF/yolov13-6000[0m
Predict:         yolo predict task=detect model=yolov13n-pod.onnx imgsz=640  
Validate:        yolo val task=detect model=yolov13n-pod.onnx imgsz=640 data=None  
Visualize:       https://netron.app
{"status": "passed", "project_root": "/home/room305/ZZF/yolov13-6000", "ultralytics": "/home/room305/ZZF/yolov13-6000/ultralytics/__init__.py", "configs": ["/home/room305/ZZF/yolov13-6000/ultralytics/cfg/models/v13/yolov13n-pod-d0.yaml", "/home/room305/ZZF/yolov13-6000/ultralytics/cfg/models/v13/yolov13n-pod-p.yaml", "/home/room305/ZZF/yolov13-6000/ultralytics/cfg/models/v13/yolov13n-pod-o.yaml", "/home/room305/ZZF/yolov13-6000/ultralytics/cfg/models/v13/yolov13n-pod-d.yaml", "/home/room305/ZZF/yolov13-6000/ultralytics/cfg/models/v13/yolov13n-pod-po.yaml", "/home/room305/ZZF/yolov13-6000/ultralytics/cfg/models/v13/yolov13n-pod-pd.yaml", "/home/room305/ZZF/yolov13-6000/ultralytics/cfg/models/v13/yolov13n-pod-od.yaml", "/home/room305/ZZF/yolov13-6000/ultralytics/cfg/models/v13/yolov13n-pod.yaml"], "unit_tests": "/home/room305/ZZF/yolov13-6000/runs/test/pod_urpc2019_20260809_081500/preflight/pytest.log", "forward_modes": {"fp32": "passed", "amp_fp16": "passed", "fp16": "passed"}, "onnx": "/home/room305/ZZF/yolov13-6000/runs/test/pod_urpc2019_20260809_081500/preflight/onnx/yolov13n-pod.onnx", "completed_at": "2026-08-09T08:14:18.174970+00:00"}
